// Jest Snapshot v1, https://goo.gl/fbAQLP

exports[`renders ok 1`] = `
<div>
  <div>
    <span
      disabled={false}
      href={undefined}
      onBlur={[Function]}
      onClick={[Function]}
      onFocus={[Function]}
      onKeyDown={[Function]}
      onKeyUp={[Function]}
      onMouseEnter={[Function]}
      onMouseLeave={[Function]}
      onTouchEnd={[Function]}
      onTouchStart={[Function]}
      open={null}
      style={
        Object {
          "WebkitTapHighlightColor": "rgba(0, 0, 0, 0)",
          "background": "none",
          "backgroundColor": null,
          "border": 10,
          "boxSizing": "border-box",
          "color": "rgba(0, 0, 0, 0.87)",
          "cursor": "pointer",
          "display": "block",
          "fontFamily": "Roboto, sans-serif",
          "fontSize": 16,
          "fontWeight": "inherit",
          "lineHeight": "16px",
          "margin": 0,
          "muiPrepared": true,
          "outline": "none",
          "padding": 0,
          "position": "relative",
          "textDecoration": "none",
          "transition": "all 450ms cubic-bezier(0.23, 1, 0.32, 1) 0ms",
          "verticalAlign": null,
          "zIndex": 1,
        }
      }
      tabIndex={0}
    >
      <div
        onMouseDown={[Function]}
        onMouseLeave={[Function]}
        onMouseUp={[Function]}
        onTouchEnd={[Function]}
        onTouchStart={[Function]}
      >
        <div
          style={
            Object {
              "marginLeft": 0,
              "muiPrepared": true,
              "paddingBottom": 20,
              "paddingLeft": 72,
              "paddingRight": 56,
              "paddingTop": 20,
              "position": "relative",
            }
          }
        >
          <div
            className={undefined}
            size={40}
            style={
              Object {
                "alignItems": "center",
                "backgroundColor": "rgb(188, 188, 188)",
                "borderRadius": "50%",
                "color": "#ffffff",
                "display": "inline-flex",
                "fontSize": 20,
                "height": 40,
                "justifyContent": "center",
                "left": 16,
                "muiPrepared": true,
                "position": "absolute",
                "top": 8,
                "userSelect": "none",
                "width": 40,
              }
            }
          />
          <div
            onClick={[Function]}
            style={
              Object {
                "backgroundImage": "linear-gradient(to bottom, rgba(255,0,68,0.1), rgba(255,0,68,0.1)), url(checkerboard.png)",
                "borderRadius": "50%",
                "height": "40px",
                "position": "absolute",
                "right": "14px",
                "top": "14px",
                "width": "40px",
              }
            }
          >
            Â 
          </div>
        </div>
      </div>
    </span>
  </div>
</div>
`;
